// Jest Snapshot v1, https://goo.gl/fbAQLP

exports[`should match snapshot 1`] = `
{
  "automock": false,
  "bail": 0,
  "cache": true,
  "cacheDirectory": "<rootDir>/.jest",
  "changedFilesWithAncestor": false,
  "ci": false,
  "clearMocks": false,
  "collectCoverage": false,
  "coveragePathIgnorePatterns": [
    "/node_modules/",
  ],
  "coverageProvider": "babel",
  "coverageReporters": [
    "json",
    "text",
    "lcov",
    "clover",
  ],
  "coverageThreshold": {
    "global": {
      "branches": 80,
      "functions": 80,
      "lines": 80,
      "statements": -10,
    },
  },
  "detectLeaks": false,
  "detectOpenHandles": false,
  "errorOnDeprecated": false,
  "expand": false,
  "extensionsToTreatAsEsm": [],
  "fakeTimers": {
    "enableGlobally": false,
  },
  "forceCoverageMatch": [],
  "globals": {},
  "haste": {
    "computeSha1": false,
    "enableSymlinks": false,
    "forceNodeFilesystemAPI": true,
    "throwOnModuleCollision": false,
  },
  "injectGlobals": true,
  "listTests": false,
  "maxConcurrency": 5,
  "maxWorkers": "50%",
  "moduleDirectories": [
    "node_modules",
  ],
  "moduleFileExtensions": [
    "js",
    "mjs",
    "cjs",
    "jsx",
    "ts",
    "tsx",
    "json",
    "node",
  ],
  "moduleNameMapper": {},
  "modulePathIgnorePatterns": [],
  "noStackTrace": false,
  "notify": false,
  "notifyMode": "failure-change",
  "openHandlesTimeout": 1000,
  "passWithNoTests": false,
  "prettierPath": "prettier",
  "resetMocks": false,
  "resetModules": false,
  "restoreMocks": false,
  "roots": [
    "<rootDir>",
  ],
  "runTestsByPath": false,
  "runner": "jest-runner",
  "setupFiles": [],
  "setupFilesAfterEnv": [],
  "skipFilter": false,
  "slowTestThreshold": 5,
  "snapshotFormat": {
    "escapeString": false,
    "printBasicPrototype": false,
  },
  "snapshotSerializers": [
    "<HOME_DIR>/Programming/web/self-dev/personal-config/node_modules/.pnpm/jest-serializer-path@0.1.15/node_modules/jest-serializer-path/lib/index.js",
  ],
  "testEnvironment": "jsdom",
  "testEnvironmentOptions": {},
  "testFailureExitCode": 1,
  "testLocationInResults": false,
  "testMatch": [
    "**/?(*.)test.[jt]s",
  ],
  "testPathIgnorePatterns": [
    "/node_modules/",
    "/docusaurus/",
  ],
  "testRegex": [],
  "testRunner": "jest-circus/runner",
  "testSequencer": "@jest/test-sequencer",
  "transform": {
    "/.(eot|ttf|woff|woff2|otf)$": "<PROJECT_ROOT>/lib/transforms/file.js",
    "/.(mp3|flac|wav|aac|ogg|oga|mp4|m4a|webm|ogv)$": "<PROJECT_ROOT>/lib/transforms/file.js",
    "/.(obj|mtl|fnt|gltf|glb)$": "<PROJECT_ROOT>/lib/transforms/file.js",
    "/.(png|jpg|jpeg|gif|webp|svg|ico|bmp)$": "<PROJECT_ROOT>/lib/transforms/file.js",
    "/.[jt]s$": "<HOME_DIR>/Programming/web/self-dev/personal-config/node_modules/.pnpm/babel-jest@29.5.0_@babel+core@7.21.3/node_modules/babel-jest/build/index.js",
  },
  "transformIgnorePatterns": [
    "/node_modules/",
    "/.pnp/.[^//]+$",
  ],
  "useStderr": false,
  "watch": false,
  "watchPathIgnorePatterns": [],
  "watchPlugins": [
    "jest-watch-typeahead/filename",
    "jest-watch-typeahead/testname",
  ],
  "watchman": true,
  "workerThreads": false,
}
`;
